// Jest Snapshot v1, https://goo.gl/fbAQLP

exports[`Footer snapshot renders should render correctly mode 1`] = `
<footer
  id="undefined-footer"
>
  <p>
    COMPLETED 
    <span>
      5
    </span>
  </p>
  <i
    aria-hidden="true"
    className="plus big icon"
  />
</footer>
`;
