// Jest Snapshot v1, https://goo.gl/fbAQLP

exports[`Button >> renders snapshot 1`] = `
<div>
  <button>
     
    Some button text
     
  </button>
</div>
`;
